---
source: crates/metadata-resolve/tests/metadata_golden_tests.rs
expression: msg
input_file: crates/metadata-resolve/tests/failing/order_by_expressions/disallow_remote_relationship/metadata.json
---
The following issues were raised but disallowed by compatibility configuration:

Issue in order by expression 'MyOrderByExpression (in subgraph default)' used by model 'mymodel (in subgraph default)': The orderable relationship 'SecondRowTypeRelationship' defined for 'RowType (in subgraph default)' is a remote relationship and remote relationships are not supported in ordering
