---
source: crates/metadata-resolve/tests/metadata_golden_tests.rs
expression: msg
input_file: crates/metadata-resolve/tests/failing/aggregate_expressions/missing_aggregate_exp_from_model/metadata.json
---
the aggregate expression Invoice_aggregate_exp (in subgraph default) used with model Invoice (in subgraph default) has not been defined
