---
source: crates/metadata-resolve/tests/metadata_golden_tests.rs
expression: msg
input_file: crates/metadata-resolve/tests/failing/aggregate_expressions/duplicated_aggregatable_fields/metadata.json
---
the aggregate expression Invoice_aggregate_exp (in subgraph default) has duplicate definitions of the aggregatable field 'invoiceId'
