---
source: crates/metadata-resolve/tests/metadata_golden_tests.rs
expression: msg
input_file: crates/metadata-resolve/tests/failing/aggregate_expressions/disallow_duplicate_name/metadata.json
---
the following aggregate expression is defined more than once: Invoice_aggregate_exp (in subgraph default)
