---
source: crates/metadata-resolve/tests/metadata_golden_tests.rs
expression: msg
input_file: crates/metadata-resolve/tests/failing/order_by_expressions/disallow_relationship_to_sourceless_model/metadata.json
---
The following issues were raised but disallowed by compatibility configuration:

The target model 'mysecondmodel (in subgraph default)' of the orderable relationship 'SecondRowTypeRelationship' in order by expression 'MyOrderByExpression (in subgraph default)' used in model 'mymodel (in subgraph default)' must have a source
