---
source: crates/jsonapi/tests/jsonapi_golden_tests.rs
expression: result
input_file: crates/jsonapi/tests/failing/include/Customer.txt
---
Err(
    PlanError(
        Internal(
            "couldn't find the relationship Employee in the type Customer (in subgraph default)",
        ),
    ),
)
