---
source: crates/jsonapi/tests/jsonapi_golden_tests.rs
expression: generated_openapi
---
{
  "Ok": {
    "openapi": "3.1.0",
    "info": {
      "title": "Hasura JSONAPI (alpha)",
      "description": "REST API generated to match the JSON:API spec: https://jsonapi.org",
      "version": "0.1"
    },
    "paths": {
      "/v1/rest/default/Articles": {
        "get": {
          "summary": "Fetch Article values",
          "parameters": [
            {
              "name": "page[limit]",
              "in": "query",
              "description": "Optional limit for fetched items",
              "schema": {
                "type": "integer"
              },
              "example": "5"
            },
            {
              "name": "page[offset]",
              "in": "query",
              "description": "Optional offset for fetched items",
              "schema": {
                "type": "integer"
              },
              "example": "10"
            },
            {
              "name": "sort",
              "in": "query",
              "description": "Optional list of fields from Articles to use in sorting response. 'field' will sort in ascending order, whilst '-field' will sort descending.",
              "schema": {
                "items": {
                  "enum": [
                    "article_id",
                    "-article_id",
                    "title",
                    "-title"
                  ]
                }
              },
              "example": "article_id,-title"
            },
            {
              "name": "include",
              "in": "query",
              "description": "Optional list of relationships from Articles to include in the response. Use dot-separated names to include nested relationships.",
              "schema": {
                "type": "array",
                "items": {
                  "type": "string"
                }
              },
              "example": "Author,AuthorFromCommand"
            },
            {
              "name": "filter",
              "in": "query",
              "description": "Filter expression for Articles",
              "content": {
                "application/json": {
                  "schema": {
                    "$ref": "#/components/schemas/default_article_bool_exp"
                  }
                }
              }
            },
            {
              "name": "fields[Article]",
              "in": "query",
              "description": "Optional list of fields from Article type to include in response. If no fields are provided, all fields are returned",
              "schema": {
                "items": {
                  "enum": [
                    "article_id",
                    "title"
                  ]
                }
              },
              "example": "article_id,title"
            }
          ],
          "responses": {
            "200": {
              "description": "Successful Articles response",
              "content": {
                "application/json": {
                  "schema": {
                    "type": "object",
                    "required": [
                      "data"
                    ],
                    "properties": {
                      "data": {
                        "type": "array",
                        "items": {
                          "type": "object",
                          "required": [
                            "id",
                            "_type",
                            "attributes"
                          ],
                          "properties": {
                            "_type": {
                              "enum": [
                                "default_Article"
                              ]
                            },
                            "attributes": {
                              "type": "object",
                              "properties": {
                                "article_id": {
                                  "type": "integer"
                                },
                                "title": {
                                  "type": "string"
                                }
                              }
                            },
                            "id": {
                              "type": "string"
                            },
                            "relationships": {
                              "type": "object",
                              "properties": {
                                "Author": {
                                  "type": "object",
                                  "required": [
                                    "data"
                                  ],
                                  "properties": {
                                    "data": {
                                      "type": "object",
                                      "required": [
                                        "id",
                                        "_type"
                                      ],
                                      "properties": {
                                        "_type": {
                                          "enum": [
                                            "default_Author"
                                          ]
                                        },
                                        "id": {
                                          "type": "string"
                                        }
                                      }
                                    }
                                  }
                                },
                                "AuthorFromCommand": {
                                  "type": "object",
                                  "required": [
                                    "data"
                                  ],
                                  "properties": {
                                    "data": {
                                      "type": "object",
                                      "required": [
                                        "id",
                                        "_type"
                                      ],
                                      "properties": {
                                        "_type": {
                                          "enum": [
                                            "default_commandAuthor"
                                          ]
                                        },
                                        "id": {
                                          "type": "string"
                                        }
                                      }
                                    }
                                  }
                                }
                              }
                            }
                          }
                        }
                      },
                      "included": {
                        "type": "array",
                        "items": {
                          "type": "object",
                          "anyOf": [
                            {
                              "type": "object",
                              "required": [
                                "id",
                                "_type",
                                "attributes"
                              ],
                              "properties": {
                                "_type": {
                                  "enum": [
                                    "default_Author"
                                  ]
                                },
                                "attributes": {
                                  "type": "object",
                                  "properties": {
                                    "author_id": {
                                      "type": "object"
                                    }
                                  }
                                },
                                "id": {
                                  "type": "string"
                                },
                                "relationships": {
                                  "type": "object",
                                  "properties": {
                                    "articles": {
                                      "type": "object",
                                      "required": [
                                        "data"
                                      ],
                                      "properties": {
                                        "data": {
                                          "type": "array",
                                          "items": {
                                            "type": "object",
                                            "required": [
                                              "id",
                                              "_type"
                                            ],
                                            "properties": {
                                              "_type": {
                                                "enum": [
                                                  "default_Article"
                                                ]
                                              },
                                              "id": {
                                                "type": "string"
                                              }
                                            }
                                          }
                                        }
                                      }
                                    },
                                    "articles_remote": {
                                      "type": "object",
                                      "required": [
                                        "data"
                                      ],
                                      "properties": {
                                        "data": {
                                          "type": "array",
                                          "items": {
                                            "type": "object",
                                            "required": [
                                              "id",
                                              "_type"
                                            ],
                                            "properties": {
                                              "_type": {
                                                "enum": [
                                                  "default_Article"
                                                ]
                                              },
                                              "id": {
                                                "type": "string"
                                              }
                                            }
                                          }
                                        }
                                      }
                                    }
                                  }
                                }
                              }
                            },
                            {
                              "type": "object",
                              "required": [
                                "id",
                                "_type",
                                "attributes"
                              ],
                              "properties": {
                                "_type": {
                                  "enum": [
                                    "default_commandAuthor"
                                  ]
                                },
                                "attributes": {
                                  "type": "object",
                                  "properties": {
                                    "id": {
                                      "type": "integer"
                                    }
                                  }
                                },
                                "id": {
                                  "type": "string"
                                }
                              }
                            }
                          ]
                        }
                      }
                    }
                  }
                }
              }
            }
          }
        }
      },
      "/v1/rest/default/ArticlesRemote": {
        "get": {
          "summary": "Fetch Article values",
          "parameters": [
            {
              "name": "page[limit]",
              "in": "query",
              "description": "Optional limit for fetched items",
              "schema": {
                "type": "integer"
              },
              "example": "5"
            },
            {
              "name": "page[offset]",
              "in": "query",
              "description": "Optional offset for fetched items",
              "schema": {
                "type": "integer"
              },
              "example": "10"
            },
            {
              "name": "sort",
              "in": "query",
              "description": "Optional list of fields from ArticlesRemote to use in sorting response. 'field' will sort in ascending order, whilst '-field' will sort descending.",
              "schema": {
                "items": {
                  "enum": [
                    "article_id",
                    "-article_id",
                    "title",
                    "-title"
                  ]
                }
              },
              "example": "article_id,-title"
            },
            {
              "name": "include",
              "in": "query",
              "description": "Optional list of relationships from ArticlesRemote to include in the response. Use dot-separated names to include nested relationships.",
              "schema": {
                "type": "array",
                "items": {
                  "type": "string"
                }
              },
              "example": "Author,AuthorFromCommand"
            },
            {
              "name": "filter",
              "in": "query",
              "description": "Filter expression for ArticlesRemote",
              "content": {
                "application/json": {
                  "schema": {
                    "$ref": "#/components/schemas/default_article_bool_exp"
                  }
                }
              }
            },
            {
              "name": "fields[Article]",
              "in": "query",
              "description": "Optional list of fields from Article type to include in response. If no fields are provided, all fields are returned",
              "schema": {
                "items": {
                  "enum": [
                    "article_id",
                    "title"
                  ]
                }
              },
              "example": "article_id,title"
            }
          ],
          "responses": {
            "200": {
              "description": "Successful ArticlesRemote response",
              "content": {
                "application/json": {
                  "schema": {
                    "type": "object",
                    "required": [
                      "data"
                    ],
                    "properties": {
                      "data": {
                        "type": "array",
                        "items": {
                          "type": "object",
                          "required": [
                            "id",
                            "_type",
                            "attributes"
                          ],
                          "properties": {
                            "_type": {
                              "enum": [
                                "default_Article"
                              ]
                            },
                            "attributes": {
                              "type": "object",
                              "properties": {
                                "article_id": {
                                  "type": "integer"
                                },
                                "title": {
                                  "type": "string"
                                }
                              }
                            },
                            "id": {
                              "type": "string"
                            },
                            "relationships": {
                              "type": "object",
                              "properties": {
                                "Author": {
                                  "type": "object",
                                  "required": [
                                    "data"
                                  ],
                                  "properties": {
                                    "data": {
                                      "type": "object",
                                      "required": [
                                        "id",
                                        "_type"
                                      ],
                                      "properties": {
                                        "_type": {
                                          "enum": [
                                            "default_Author"
                                          ]
                                        },
                                        "id": {
                                          "type": "string"
                                        }
                                      }
                                    }
                                  }
                                },
                                "AuthorFromCommand": {
                                  "type": "object",
                                  "required": [
                                    "data"
                                  ],
                                  "properties": {
                                    "data": {
                                      "type": "object",
                                      "required": [
                                        "id",
                                        "_type"
                                      ],
                                      "properties": {
                                        "_type": {
                                          "enum": [
                                            "default_commandAuthor"
                                          ]
                                        },
                                        "id": {
                                          "type": "string"
                                        }
                                      }
                                    }
                                  }
                                }
                              }
                            }
                          }
                        }
                      },
                      "included": {
                        "type": "array",
                        "items": {
                          "type": "object",
                          "anyOf": [
                            {
                              "type": "object",
                              "required": [
                                "id",
                                "_type",
                                "attributes"
                              ],
                              "properties": {
                                "_type": {
                                  "enum": [
                                    "default_Author"
                                  ]
                                },
                                "attributes": {
                                  "type": "object",
                                  "properties": {
                                    "author_id": {
                                      "type": "object"
                                    }
                                  }
                                },
                                "id": {
                                  "type": "string"
                                },
                                "relationships": {
                                  "type": "object",
                                  "properties": {
                                    "articles": {
                                      "type": "object",
                                      "required": [
                                        "data"
                                      ],
                                      "properties": {
                                        "data": {
                                          "type": "array",
                                          "items": {
                                            "type": "object",
                                            "required": [
                                              "id",
                                              "_type"
                                            ],
                                            "properties": {
                                              "_type": {
                                                "enum": [
                                                  "default_Article"
                                                ]
                                              },
                                              "id": {
                                                "type": "string"
                                              }
                                            }
                                          }
                                        }
                                      }
                                    },
                                    "articles_remote": {
                                      "type": "object",
                                      "required": [
                                        "data"
                                      ],
                                      "properties": {
                                        "data": {
                                          "type": "array",
                                          "items": {
                                            "type": "object",
                                            "required": [
                                              "id",
                                              "_type"
                                            ],
                                            "properties": {
                                              "_type": {
                                                "enum": [
                                                  "default_Article"
                                                ]
                                              },
                                              "id": {
                                                "type": "string"
                                              }
                                            }
                                          }
                                        }
                                      }
                                    }
                                  }
                                }
                              }
                            },
                            {
                              "type": "object",
                              "required": [
                                "id",
                                "_type",
                                "attributes"
                              ],
                              "properties": {
                                "_type": {
                                  "enum": [
                                    "default_commandAuthor"
                                  ]
                                },
                                "attributes": {
                                  "type": "object",
                                  "properties": {
                                    "id": {
                                      "type": "integer"
                                    }
                                  }
                                },
                                "id": {
                                  "type": "string"
                                }
                              }
                            }
                          ]
                        }
                      }
                    }
                  }
                }
              }
            }
          }
        }
      }
    },
    "components": {
      "schemas": {
        "default_Article": {
          "type": "object",
          "properties": {
            "article_id": {
              "type": "integer"
            },
            "title": {
              "type": "string"
            }
          }
        },
        "default_Author": {
          "type": "object",
          "properties": {
            "author_id": {
              "type": "object"
            }
          }
        },
        "default_article_bool_exp": {
          "title": "default_article_bool_exp",
          "description": "Filter expression for Articles",
          "type": "object",
          "properties": {
            "$and": {
              "type": "array",
              "items": {
                "$ref": "#/components/schemas/default_article_bool_exp"
              }
            },
            "$or": {
              "type": "array",
              "items": {
                "$ref": "#/components/schemas/default_article_bool_exp"
              }
            },
            "article_id": {
              "title": "article_id",
              "description": "Filter expression for filtering on article_id",
              "type": "object"
            },
            "author_id": {
              "title": "author_id",
              "description": "Filter expression for filtering on author_id",
              "type": "object",
              "properties": {
                "$_eq": {}
              }
            },
            "title": {
              "title": "title",
              "description": "Filter expression for filtering on title",
              "type": "object",
              "properties": {
                "$_like": {
                  "type": "string"
                }
              }
            }
          },
          "oneOf": [
            {
              "required": [
                "article_id"
              ]
            },
            {
              "required": [
                "author_id"
              ]
            },
            {
              "required": [
                "title"
              ]
            },
            {
              "required": [
                "$and"
              ]
            },
            {
              "required": [
                "$or"
              ]
            }
          ]
        },
        "default_commandAuthor": {
          "type": "object",
          "properties": {
            "id": {
              "type": "integer"
            }
          }
        }
      }
    }
  }
}
