---
source: crates/metadata-resolve/tests/metadata_golden_tests.rs
expression: msg
input_file: crates/metadata-resolve/tests/failing/order_by_expressions/array_relationship/metadata.json
---
The following issues were raised but disallowed by compatibility configuration:

Cannot order by array relationship Tracks in order by expression album_order_by (in subgraph default)
