---
source: crates/metadata-resolve/tests/metadata_golden_tests.rs
expression: msg
input_file: crates/metadata-resolve/tests/failing/aggregate_expressions/missing_operand_object_type/metadata.json
---
the aggregate expression Invoice_aggregate_exp (in subgraph default) specifies an operand object type that cannot be found: Invoice (in subgraph default)
