[
  {
    "data": {
      "__type": {
        "name": "ActorsByMovieArgs",
        "kind": "INPUT_OBJECT",
        "inputFields": [
          {
            "name": "_no_fields_accessible",
            "type": {
              "kind": "SCALAR",
              "name": "String",
              "ofType": null
            }
          }
        ]
      }
    }
  },
  {
    "data": {
      "__type": {
        "name": "ActorsByMovieArgs",
        "kind": "INPUT_OBJECT",
        "inputFields": [
          {
            "name": "_no_fields_accessible",
            "type": {
              "kind": "SCALAR",
              "name": "String",
              "ofType": null
            }
          }
        ]
      }
    }
  },
  {
    "data": {
      "__type": {
        "name": "ActorsByMovieArgs",
        "kind": "INPUT_OBJECT",
        "inputFields": [
          {
            "name": "movie_id",
            "type": {
              "kind": "NON_NULL",
              "name": null,
              "ofType": {
                "kind": "SCALAR",
                "name": "Int"
              }
            }
          }
        ]
      }
    }
  }
]
