[
  {
    "data": {
      "__schema": {
        "queryType": {
          "name": "Query",
          "fields": [
            {
              "name": "getActorsByName",
              "args": [
                {
                  "name": "name_filter",
                  "defaultValue": null,
                  "type": {
                    "kind": "NON_NULL",
                    "name": null,
                    "ofType": {
                      "kind": "INPUT_OBJECT",
                      "name": "NameQuery"
                    }
                  }
                }
              ]
            },
            {
              "name": "getInstitutionsByInstitutionInput",
              "args": [
                {
                  "name": "institution_input",
                  "defaultValue": null,
                  "type": {
                    "kind": "NON_NULL",
                    "name": null,
                    "ofType": {
                      "kind": "INPUT_OBJECT",
                      "name": "InstitutionInput"
                    }
                  }
                }
              ]
            }
          ]
        }
      },
      "type_institution": {
        "name": "InstitutionInput",
        "kind": "INPUT_OBJECT",
        "inputFields": [
          {
            "name": "departments",
            "type": {
              "kind": "LIST",
              "name": null,
              "ofType": {
                "kind": "SCALAR",
                "name": "String"
              }
            }
          },
          {
            "name": "id",
            "type": {
              "kind": "NON_NULL",
              "name": null,
              "ofType": {
                "kind": "SCALAR",
                "name": "Int"
              }
            }
          },
          {
            "name": "location",
            "type": {
              "kind": "NON_NULL",
              "name": null,
              "ofType": {
                "kind": "INPUT_OBJECT",
                "name": "LocationInput"
              }
            }
          },
          {
            "name": "name",
            "type": {
              "kind": "NON_NULL",
              "name": null,
              "ofType": {
                "kind": "SCALAR",
                "name": "String"
              }
            }
          },
          {
            "name": "staff",
            "type": {
              "kind": "LIST",
              "name": null,
              "ofType": {
                "kind": "INPUT_OBJECT",
                "name": "StaffMemberInput"
              }
            }
          }
        ]
      },
      "type_location": {
        "name": "LocationInput",
        "kind": "INPUT_OBJECT",
        "inputFields": [
          {
            "name": "campuses",
            "type": {
              "kind": "LIST",
              "name": null,
              "ofType": {
                "kind": "SCALAR",
                "name": "String"
              }
            }
          },
          {
            "name": "city",
            "type": {
              "kind": "SCALAR",
              "name": "String",
              "ofType": null
            }
          },
          {
            "name": "country",
            "type": {
              "kind": "SCALAR",
              "name": "String",
              "ofType": null
            }
          }
        ]
      },
      "type_staff_member": {
        "name": "StaffMemberInput",
        "kind": "INPUT_OBJECT",
        "inputFields": [
          {
            "name": "first_name",
            "type": {
              "kind": "SCALAR",
              "name": "String",
              "ofType": null
            }
          },
          {
            "name": "last_name",
            "type": {
              "kind": "SCALAR",
              "name": "String",
              "ofType": null
            }
          },
          {
            "name": "specialities",
            "type": {
              "kind": "LIST",
              "name": null,
              "ofType": {
                "kind": "SCALAR",
                "name": "String"
              }
            }
          }
        ]
      }
    }
  },
  {
    "data": {
      "__schema": {
        "queryType": {
          "name": "Query",
          "fields": [
            {
              "name": "getActorsByName",
              "args": [
                {
                  "name": "name_filter",
                  "defaultValue": null,
                  "type": {
                    "kind": "NON_NULL",
                    "name": null,
                    "ofType": {
                      "kind": "INPUT_OBJECT",
                      "name": "NameQuery"
                    }
                  }
                }
              ]
            },
            {
              "name": "getInstitutionsByInstitutionInput",
              "args": [
                {
                  "name": "institution_input",
                  "defaultValue": null,
                  "type": {
                    "kind": "NON_NULL",
                    "name": null,
                    "ofType": {
                      "kind": "INPUT_OBJECT",
                      "name": "InstitutionInput"
                    }
                  }
                }
              ]
            }
          ]
        }
      },
      "type_institution": {
        "name": "InstitutionInput",
        "kind": "INPUT_OBJECT",
        "inputFields": [
          {
            "name": "departments",
            "type": {
              "kind": "LIST",
              "name": null,
              "ofType": {
                "kind": "SCALAR",
                "name": "String"
              }
            }
          },
          {
            "name": "id",
            "type": {
              "kind": "NON_NULL",
              "name": null,
              "ofType": {
                "kind": "SCALAR",
                "name": "Int"
              }
            }
          },
          {
            "name": "location",
            "type": {
              "kind": "NON_NULL",
              "name": null,
              "ofType": {
                "kind": "INPUT_OBJECT",
                "name": "LocationInput"
              }
            }
          },
          {
            "name": "name",
            "type": {
              "kind": "NON_NULL",
              "name": null,
              "ofType": {
                "kind": "SCALAR",
                "name": "String"
              }
            }
          },
          {
            "name": "staff",
            "type": {
              "kind": "LIST",
              "name": null,
              "ofType": {
                "kind": "INPUT_OBJECT",
                "name": "StaffMemberInput"
              }
            }
          }
        ]
      },
      "type_location": {
        "name": "LocationInput",
        "kind": "INPUT_OBJECT",
        "inputFields": [
          {
            "name": "_no_fields_accessible",
            "type": {
              "kind": "SCALAR",
              "name": "String",
              "ofType": null
            }
          }
        ]
      },
      "type_staff_member": {
        "name": "StaffMemberInput",
        "kind": "INPUT_OBJECT",
        "inputFields": [
          {
            "name": "first_name",
            "type": {
              "kind": "SCALAR",
              "name": "String",
              "ofType": null
            }
          },
          {
            "name": "last_name",
            "type": {
              "kind": "SCALAR",
              "name": "String",
              "ofType": null
            }
          },
          {
            "name": "specialities",
            "type": {
              "kind": "LIST",
              "name": null,
              "ofType": {
                "kind": "SCALAR",
                "name": "String"
              }
            }
          }
        ]
      }
    }
  }
]
