---
source: crates/metadata-resolve/tests/metadata_golden_tests.rs
expression: msg
input_file: crates/metadata-resolve/tests/failing/aggregate_expressions/conflict_between_count_distinct_and_aggregation_function/metadata.json
---
the name used by query.aggregate.countDistinctFieldName from the GraphqlConfig conflicts with the aggregation function name _count_distinct in the aggregate expression Int4_aggregate_exp (in subgraph default)
